main.c:84:6:HAL_TIM_PeriodElapsedCallback	16	static
main.c:102:5:main	16	static
main.c:160:6:SystemClock_Config	232	static
main.c:219:13:MX_TIM3_Init	40	static
main.c:264:13:MX_USART3_UART_Init	8	static
main.c:299:13:MX_GPIO_Init	56	static
main.c:393:7:CreateNode	32	static
main.c:411:6:print_list	24	static
main.c:421:7:callto	16	static
main.c:449:7:message	16	static
main.c:501:7:DeleteLastNode	32	static
main.c:551:5:_write	24	static
main.c:557:5:_read	24	static
main.c:576:6:Error_Handler	4	static
